Archive member included because of file (symbol)

c:/hightec/toolchains/tricore/v4.9.3.0-infineon-1.0/bin/../lib/gcc/tricore/4.9.4/../../../../tricore/lib/tc161/short-double\libc.a(lib_a-strlen.o)
                              src/usr_sprintf.o (strlen)
c:/hightec/toolchains/tricore/v4.9.3.0-infineon-1.0/bin/../lib/gcc/tricore/4.9.4/../../../../tricore/lib/tc161/short-double\libos.a(wdtcon.o)
                              src/cint_tc27x.o (unlock_wdtcon)
c:/hightec/toolchains/tricore/v4.9.3.0-infineon-1.0/bin/../lib/gcc/tricore/4.9.4/../../../../tricore/lib/tc161/short-double\libos.a(libos_exit.o)
                              c:/hightec/toolchains/tricore/v4.9.3.0-infineon-1.0/bin/../lib/gcc/tricore/4.9.4/crt0-tc27xx.o (_exit)

Discarded input sections

 .text          0x0000000000000000        0x0 c:/hightec/toolchains/tricore/v4.9.3.0-infineon-1.0/bin/../lib/gcc/tricore/4.9.4/tc161/short-double/crti.o
 .data          0x0000000000000000        0x0 c:/hightec/toolchains/tricore/v4.9.3.0-infineon-1.0/bin/../lib/gcc/tricore/4.9.4/tc161/short-double/crti.o
 .bss           0x0000000000000000        0x0 c:/hightec/toolchains/tricore/v4.9.3.0-infineon-1.0/bin/../lib/gcc/tricore/4.9.4/tc161/short-double/crti.o
 .text          0x0000000000000000        0x4 c:/hightec/toolchains/tricore/v4.9.3.0-infineon-1.0/bin/../lib/gcc/tricore/4.9.4/tc161/short-double/crtbegin.o
 .data          0x0000000000000000        0x8 c:/hightec/toolchains/tricore/v4.9.3.0-infineon-1.0/bin/../lib/gcc/tricore/4.9.4/tc161/short-double/crtbegin.o
 .text.call___do_global_dtors_aux
                0x0000000000000000        0x0 c:/hightec/toolchains/tricore/v4.9.3.0-infineon-1.0/bin/../lib/gcc/tricore/4.9.4/tc161/short-double/crtbegin.o
 .text.call_frame_dummy
                0x0000000000000000        0x0 c:/hightec/toolchains/tricore/v4.9.3.0-infineon-1.0/bin/../lib/gcc/tricore/4.9.4/tc161/short-double/crtbegin.o
 .text          0x0000000000000000        0x0 c:/hightec/toolchains/tricore/v4.9.3.0-infineon-1.0/bin/../lib/gcc/tricore/4.9.4/crt0-tc27xx.o
 .data          0x0000000000000000        0x0 c:/hightec/toolchains/tricore/v4.9.3.0-infineon-1.0/bin/../lib/gcc/tricore/4.9.4/crt0-tc27xx.o
 .bss           0x0000000000000000        0x0 c:/hightec/toolchains/tricore/v4.9.3.0-infineon-1.0/bin/../lib/gcc/tricore/4.9.4/crt0-tc27xx.o
 wm4.0.99c975d4279ef9949c52c2c8bee1fd49
                0x0000000000000000        0x8 src/cint_tc27x.o
 wm4.intrinsics.h.28.762d9a30a5733d2f28822a85f919c11f
                0x0000000000000000        0x8 src/cint_tc27x.o
 wm4.cint.h.9.2a620d1ba9e5c2af6127ea3fcd7ce8dd
                0x0000000000000000        0x8 src/cint_tc27x.o
 wm4.tc_inc_path.h.9.b73fdfe995144e102e5e4f59ef3ef241
                0x0000000000000000        0x8 src/cint_tc27x.o
 wm4.Ifx_TypesReg.h.27.5ce0f3d5b645bc016d90d4b0f22f4a0a
                0x0000000000000000        0x8 src/cint_tc27x.o
 wm4.ifxcpu_reg.h.60.a87fe5519b726d5973d9b8bbefea77c7
                0x0000000000000000        0x8 src/cint_tc27x.o
 wm4.ifxcpu_bf.h.28.d558ef760fb5b506d617d899a902fd0b
                0x0000000000000000        0x8 src/cint_tc27x.o
 .data          0x0000000000000000        0x0 src/cint_tc27x.o
 wm4.0.99c975d4279ef9949c52c2c8bee1fd49
                0x0000000000000000        0x8 src/hello.o
 wm4.intrinsics.h.28.762d9a30a5733d2f28822a85f919c11f
                0x0000000000000000        0x8 src/hello.o
 wm4.tc_inc_path.h.9.b73fdfe995144e102e5e4f59ef3ef241
                0x0000000000000000        0x8 src/hello.o
 wm4.Ifx_TypesReg.h.27.5ce0f3d5b645bc016d90d4b0f22f4a0a
                0x0000000000000000        0x8 src/hello.o
 wm4.ifxcpu_reg.h.60.a87fe5519b726d5973d9b8bbefea77c7
                0x0000000000000000        0x8 src/hello.o
 wm4.ifxstm_reg.h.48.cf22c5554bffffad724b24ebb01643ac
                0x0000000000000000        0x8 src/hello.o
 wm4.ifxcpu_bf.h.28.d558ef760fb5b506d617d899a902fd0b
                0x0000000000000000        0x8 src/hello.o
 wm4.bspconfig.h.45.85c31f66f40c638477a803610c984302
                0x0000000000000000        0x8 src/hello.o
 wm4.ifxport_reg.h.90.308498bd4a30778054dd23dead3d4618
                0x0000000000000000        0x8 src/hello.o
 wm4.ifxport_bf.h.28.7ead44c7f4db8bb6b4f2c2161cb4b465
                0x0000000000000000        0x8 src/hello.o
 wm4.bspconfig.h.89.e18c1f09461bb35962fa5fae0f7f1195
                0x0000000000000000        0x8 src/hello.o
 wm4.stdarg.h.31.72c3aa8d68b291953fa52b9471bcdff7
                0x0000000000000000        0x8 src/hello.o
 .data          0x0000000000000000        0x0 src/hello.o
 .debug_macro   0x0000000000000000     0x1b12 src/hello.o
 .debug_macro   0x0000000000000000      0x3fc src/hello.o
 .debug_macro   0x0000000000000000       0xbe src/hello.o
 .debug_macro   0x0000000000000000       0xe9 src/hello.o
 .debug_macro   0x0000000000000000     0xadf7 src/hello.o
 .debug_macro   0x0000000000000000     0x4e91 src/hello.o
 wm4.0.99c975d4279ef9949c52c2c8bee1fd49
[...]
Memory Configuration

Name             Origin             Length             Used               Free               Attributes
PMU_PFLASH0      0x0000000080000000 0x0000000000200000         0x0000000000000000         0x0000000000200000 xr !p
PMU_PFLASH1      0x0000000080200000 0x0000000000200000         0x0000000000000000         0x0000000000200000 xr !p
PMU_DFLASH0      0x00000000af000000 0x0000000000100000         0x0000000000000000         0x0000000000100000 r !xp
PMU_DFLASH0_1    0x00000000af100000 0x0000000000004000         0x0000000000000000         0x0000000000004000 r !xp
PMU_DFLASH1      0x00000000af110000 0x0000000000010000         0x0000000000000000         0x0000000000010000 r !xp
BROM             0x000000008fff8000 0x0000000000008000         0x0000000000000000         0x0000000000008000 xr !p
PMI_PSPR         0x00000000c0000000 0x0000000000006000         0x00000000000040cc         0x0000000000001f34 xw !p
DMI_DSPR         0x00000000d0000000 0x000000000001c000         0x0000000000006580         0x0000000000015a80 w !xp
LMU_SRAM         0x0000000090000000 0x0000000000008000         0x0000000000000000         0x0000000000008000 w !xp
*default*        0x0000000000000000 0xffffffffffffffff         0x0000000000000053         0xffffffffffffffac

Linker script and memory map

LOAD c:/hightec/toolchains/tricore/v4.9.3.0-infineon-1.0/bin/../lib/gcc/tricore/4.9.4/tc161/short-double/crti.o
LOAD c:/hightec/toolchains/tricore/v4.9.3.0-infineon-1.0/bin/../lib/gcc/tricore/4.9.4/tc161/short-double/crtbegin.o
LOAD c:/hightec/toolchains/tricore/v4.9.3.0-infineon-1.0/bin/../lib/gcc/tricore/4.9.4/crt0-tc27xx.o
LOAD src/cint_tc27x.o
LOAD src/hello.o
LOAD src/interrupts.o
LOAD src/system_tc27x.o
LOAD src/timer.o
LOAD src/uart_init_poll.o
LOAD src/uart_poll.o
LOAD src/usr_sprintf.o
LOAD c:/hightec/toolchains/tricore/v4.9.3.0-infineon-1.0/bin/../lib/gcc/tricore/4.9.4/tc161/short-double\libgcc.a
LOAD c:/hightec/toolchains/tricore/v4.9.3.0-infineon-1.0/bin/../lib/gcc/tricore/4.9.4/../../../../tricore/lib/tc161/short-double\libc.a
LOAD c:/hightec/toolchains/tricore/v4.9.3.0-infineon-1.0/bin/../lib/gcc/tricore/4.9.4/../../../../tricore/lib/tc161/short-double\libos.a
LOAD c:/hightec/toolchains/tricore/v4.9.3.0-infineon-1.0/bin/../lib/gcc/tricore/4.9.4/../../../../tricore/lib/tc161/short-double\libm.a
LOAD c:/hightec/toolchains/tricore/v4.9.3.0-infineon-1.0/bin/../lib/gcc/tricore/4.9.4/../../../../tricore/lib/tc161/short-double\libc.a
LOAD c:/hightec/toolchains/tricore/v4.9.3.0-infineon-1.0/bin/../lib/gcc/tricore/4.9.4/tc161/short-double\libgcc.a
LOAD c:/hightec/toolchains/tricore/v4.9.3.0-infineon-1.0/bin/../lib/gcc/tricore/4.9.4/tc161/short-double/crtend.o
LOAD c:/hightec/toolchains/tricore/v4.9.3.0-infineon-1.0/bin/../lib/gcc/tricore/4.9.4/tc161/short-double/crtn.o
                0x0000000080000000                __PMU_PFLASH0_BEGIN = 0x80000000
                0x0000000000200000                __PMU_PFLASH0_SIZE = 0x200000
                0x0000000080200000                __PMU_PFLASH1_BEGIN = 0x80200000
                0x0000000000200000                __PMU_PFLASH1_SIZE = 0x200000
                0x00000000af000000                __PMU_DFLASH0_BEGIN = 0xaf000000
                0x0000000000100000                __PMU_DFLASH0_SIZE = 0x100000
                0x00000000af100000                __PMU_DFLASH0_1_BEGIN = 0xaf100000
                0x0000000000004000                __PMU_DFLASH0_1_SIZE = 0x4000
                0x00000000af110000                __PMU_DFLASH1_BEGIN = 0xaf110000
                0x0000000000010000                __PMU_DFLASH1_SIZE = 0x10000
                0x000000008fff8000                __BROM_BEGIN = 0x8fff8000
                0x0000000000008000                __BROM_SIZE = 0x8000
                0x00000000c0000000                __PMI_PSPR_BEGIN = 0xc0000000
                0x0000000000006000                __PMI_PSPR_SIZE = 0x6000
                0x00000000d0000000                __DMI_DSPR_BEGIN = 0xd0000000
                0x000000000001c000                __DMI_DSPR_SIZE = 0x1c000
                0x0000000090000000                __LMU_SRAM_BEGIN = 0x90000000
                0x0000000000008000                __LMU_SRAM_SIZE = 0x8000
                [0x0000000000001000]                __USTACK_SIZE = DEFINED (__USTACK_SIZE)?__USTACK_SIZE:0x1000
                [0x0000000000000400]                __ISTACK_SIZE = DEFINED (__ISTACK_SIZE)?__ISTACK_SIZE:0x400
                [0x0000000000001000]                __HEAP_SIZE = DEFINED (__HEAP_SIZE)?__HEAP_SIZE:0x1000
                [0x0000000000004000]                __CSA_SIZE = DEFINED (__CSA_SIZE)?__CSA_SIZE:0x4000

.startup_code   memory region -> PMI_PSPR
                0x00000000c0000000      0x400
                0x00000000c0000000                PROVIDE (__startup_code_start, .)
 *(.startup_code)
 .startup_code  0x00000000c0000000      0x400 c:/hightec/toolchains/tricore/v4.9.3.0-infineon-1.0/bin/../lib/gcc/tricore/4.9.4/crt0-tc27xx.o
                0x00000000c0000020                _start
                0x00000000c00001be                __init_csa
                0x00000000c0000232                __clear_table_func
                0x00000000c0000286                __copy_table_func
                0x00000000c0000300                first_trap_table
 *(.startup_code*)
                0x00000000c0000400                PROVIDE (__startup_code_end, .)
                0x00000000c0000400                . = ALIGN (0x8)

.text           memory region -> PMI_PSPR
                0x00000000c0000400      0xc18
                0x00000000c0000400                PROVIDE (__text_start, .)
 *(.text)
 .text          0x00000000c0000400      0x210 src/cint_tc27x.o
                0x00000000c00004ee                __int_handler
                0x00000000c00004f0                _install_trap_handler
                0x00000000c000051c                _install_int_handler
                0x00000000c000054e                _init_vectab
 .text          0x00000000c0000610       0x86 src/hello.o
                0x00000000c000061c                main
 .text          0x00000000c0000696       0x44 src/interrupts.o
                0x00000000c0000696                InterruptInit
                0x00000000c00006a0                InterruptInstall
 .text          0x00000000c00006da      0x376 src/system_tc27x.o
                0x00000000c0000750                SYSTEM_GetExtClock
                0x00000000c000075a                SYSTEM_GetCpuClock
                0x00000000c00007ae                SYSTEM_GetSysClock
                0x00000000c00007ca                SYSTEM_GetStmClock
                0x00000000c0000834                SYSTEM_Init
                0x00000000c0000918                SYSTEM_GetCanClock
                0x00000000c0000936                SYSTEM_EnableInterrupts
                0x00000000c000093c                SYSTEM_DisableInterrupts
                0x00000000c0000942                SYSTEM_EnableProtection
                0x00000000c0000946                SYSTEM_DisableProtection
                0x00000000c000094a                SYSTEM_EnableProtectionExt
                0x00000000c0000956                SYSTEM_DisableProtectionExt
                0x00000000c0000962                SYSTEM_EnableSecProtection
                0x00000000c0000966                SYSTEM_DisableSecProtection
                0x00000000c000096a                SYSTEM_Reset
                0x00000000c0000984                SYSTEM_IdleExt
                0x00000000c00009c4                SYSTEM_Idle
                0x00000000c00009d0                SYSTEM_Sleep
                0x00000000c0000a14                SYSTEM_IsCacheEnabled
                0x00000000c0000a2a                SYSTEM_EnaDisCache
                0x00000000c0000a4e                SYSTEM_DbgBreak
 .text          0x00000000c0000a50       0x70 src/timer.o
                0x00000000c0000a68                TimerInit
                0x00000000c0000ab6                TimerSetHandler
 .text          0x00000000c0000ac0       0xe4 src/uart_init_poll.o
                0x00000000c0000ac0                _init_uart
 .text          0x00000000c0000ba4       0x58 src/uart_poll.o
                0x00000000c0000ba4                _out_uart
                0x00000000c0000bba                _poll_uart
                0x00000000c0000be8                _in_uart
 .text          0x00000000c0000bfc      0x284 src/usr_sprintf.o
                0x00000000c0000c50                usr_vsprintf
                0x00000000c0000e7a                usr_sprintf
 *(.text*)
 .text.deregister_tm_clones
                0x00000000c0000e80       0x28 c:/hightec/toolchains/tricore/v4.9.3.0-infineon-1.0/bin/../lib/gcc/tricore/4.9.4/tc161/short-double/crtbegin.o
 .text.register_tm_clones
                0x00000000c0000ea8       0x2c c:/hightec/toolchains/tricore/v4.9.3.0-infineon-1.0/bin/../lib/gcc/tricore/4.9.4/tc161/short-double/crtbegin.o
 .text.__do_global_dtors_aux
                0x00000000c0000ed4       0x4c c:/hightec/toolchains/tricore/v4.9.3.0-infineon-1.0/bin/../lib/gcc/tricore/4.9.4/tc161/short-double/crtbegin.o
 .text.frame_dummy
                0x00000000c0000f20       0x1e c:/hightec/toolchains/tricore/v4.9.3.0-infineon-1.0/bin/../lib/gcc/tricore/4.9.4/tc161/short-double/crtbegin.o
 .text.strlen   0x00000000c0000f3e       0x14 c:/hightec/toolchains/tricore/v4.9.3.0-infineon-1.0/bin/../lib/gcc/tricore/4.9.4/../../../../tricore/lib/tc161/short-double\libc.a(lib_a-strlen.o)
                0x00000000c0000f3e                strlen
 .text.unlock_wdtcon
                0x00000000c0000f52       0x2c c:/hightec/toolchains/tricore/v4.9.3.0-infineon-1.0/bin/../lib/gcc/tricore/4.9.4/../../../../tricore/lib/tc161/short-double\libos.a(wdtcon.o)
                0x00000000c0000f52                unlock_wdtcon
 .text.lock_wdtcon
                0x00000000c0000f7e       0x2c c:/hightec/toolchains/tricore/v4.9.3.0-infineon-1.0/bin/../lib/gcc/tricore/4.9.4/../../../../tricore/lib/tc161/short-double\libos.a(wdtcon.o)
                0x00000000c0000f7e                lock_wdtcon
 .text.unlock_safety_wdtcon
                0x00000000c0000faa       0x20 c:/hightec/toolchains/tricore/v4.9.3.0-infineon-1.0/bin/../lib/gcc/tricore/4.9.4/../../../../tricore/lib/tc161/short-double\libos.a(wdtcon.o)
                0x00000000c0000faa                unlock_safety_wdtcon
 .text.lock_safety_wdtcon
                0x00000000c0000fca       0x20 c:/hightec/toolchains/tricore/v4.9.3.0-infineon-1.0/bin/../lib/gcc/tricore/4.9.4/../../../../tricore/lib/tc161/short-double\libos.a(wdtcon.o)
                0x00000000c0000fca                lock_safety_wdtcon
 .text._exit    0x00000000c0000fea       0x10 c:/hightec/toolchains/tricore/v4.9.3.0-infineon-1.0/bin/../lib/gcc/tricore/4.9.4/../../../../tricore/lib/tc161/short-double\libos.a(libos_exit.o)
                0x00000000c0000fea                _exit
 .text.__do_global_ctors_aux
                0x00000000c0000ffa       0x1e c:/hightec/toolchains/tricore/v4.9.3.0-infineon-1.0/bin/../lib/gcc/tricore/4.9.4/tc161/short-double/crtend.o
 *(.gnu.linkonce.t.*)
                0x00000000c0001018                PROVIDE (__text_end, .)
                0x00000000c0001018                . = ALIGN (0x8)

.init           memory region -> PMI_PSPR
                0x00000000c0001018       0x10
                0x00000000c0001018                PROVIDE (__init_start, .)
 *(.init)
 .init          0x00000000c0001018        0x0 c:/hightec/toolchains/tricore/v4.9.3.0-infineon-1.0/bin/../lib/gcc/tricore/4.9.4/tc161/short-double/crti.o
                0x00000000c0001018                _init
 .init          0x00000000c0001018        0x4 c:/hightec/toolchains/tricore/v4.9.3.0-infineon-1.0/bin/../lib/gcc/tricore/4.9.4/tc161/short-double/crtbegin.o
 .init          0x00000000c000101c        0x4 c:/hightec/toolchains/tricore/v4.9.3.0-infineon-1.0/bin/../lib/gcc/tricore/4.9.4/tc161/short-double/crtend.o
 .init          0x00000000c0001020        0x2 c:/hightec/toolchains/tricore/v4.9.3.0-infineon-1.0/bin/../lib/gcc/tricore/4.9.4/tc161/short-double/crtn.o
 *(.init*)
                0x00000000c0001022                PROVIDE (__init_end, .)
                0x00000000c0001028                . = ALIGN (0x8)
 *fill*         0x00000000c0001022        0x6 00

.fini           memory region -> PMI_PSPR
                0x00000000c0001028        0x8
                0x00000000c0001028                PROVIDE (__fini_start, .)
 *(.fini)
 .fini          0x00000000c0001028        0x0 c:/hightec/toolchains/tricore/v4.9.3.0-infineon-1.0/bin/../lib/gcc/tricore/4.9.4/tc161/short-double/crti.o
                0x00000000c0001028                _fini
 .fini          0x00000000c0001028        0x4 c:/hightec/toolchains/tricore/v4.9.3.0-infineon-1.0/bin/../lib/gcc/tricore/4.9.4/tc161/short-double/crtbegin.o
 .fini          0x00000000c000102c        0x2 c:/hightec/toolchains/tricore/v4.9.3.0-infineon-1.0/bin/../lib/gcc/tricore/4.9.4/tc161/short-double/crtn.o
 *(.fini*)
                0x00000000c000102e                PROVIDE (__fini_end, .)
                0x00000000c0001030                . = ALIGN (0x8)
 *fill*         0x00000000c000102e        0x2 00

.traptab        memory region -> PMI_PSPR
                0x00000000c0001100      0x100
                0x00000000c0001100                PROVIDE (__traptab_start, .)
 *(.traptab)
 .traptab       0x00000000c0001100      0x100 src/cint_tc27x.o
                0x00000000c0001100                TriCore_trap_table
                0x00000000c0001100                __trap_0
                0x00000000c0001120                __trap_1
                0x00000000c0001140                __trap_2
                0x00000000c0001160                __trap_3
                0x00000000c0001180                __trap_4
                0x00000000c00011a0                __trap_5
                0x00000000c00011c0                __trap_6
                0x00000000c00011e0                __trap_7
 *(.traptab*)
                0x00000000c0001200                PROVIDE (__traptab_end, .)
                0x00000000c0001200                . = ALIGN (0x8)

.inttab         memory region -> PMI_PSPR
                0x00000000c0002000     0x2000
                0x00000000c0002000                PROVIDE (__inttab_start, .)
 *(.inttab)
 .inttab        0x00000000c0002000     0x2000 src/cint_tc27x.o
                0x00000000c0002000                TriCore_int_table
                0x00000000c0002020                __interrupt_1
                0x00000000c0002040                __interrupt_2
                0x00000000c0002060                __interrupt_3
                0x00000000c0002080                __interrupt_4
                0x00000000c00020a0                __interrupt_5
                0x00000000c00020c0                __interrupt_6
                0x00000000c00020e0                __interrupt_7
                0x00000000c0002100                __interrupt_8
                0x00000000c0002120                __interrupt_9
                0x00000000c0002140                __interrupt_10
                0x00000000c0002160                __interrupt_11
                0x00000000c0002180                __interrupt_12
                0x00000000c00021a0                __interrupt_13
                0x00000000c00021c0                __interrupt_14
                0x00000000c00021e0                __interrupt_15
                0x00000000c0002200                __interrupt_16
                0x00000000c0002220                __interrupt_17
                0x00000000c0002240                __interrupt_18
                0x00000000c0002260                __interrupt_19
                0x00000000c0002280                __interrupt_20
                0x00000000c00022a0                __interrupt_21
                0x00000000c00022c0                __interrupt_22
                0x00000000c00022e0                __interrupt_23
                0x00000000c0002300                __interrupt_24
                0x00000000c0002320                __interrupt_25
                0x00000000c0002340                __interrupt_26
                0x00000000c0002360                __interrupt_27
                0x00000000c0002380                __interrupt_28
                0x00000000c00023a0                __interrupt_29
                0x00000000c00023c0                __interrupt_30
                0x00000000c00023e0                __interrupt_31
 *(.inttab*)
                0x00000000c0004000                PROVIDE (__inttab_end, .)
                0x00000000c0004000                . = ALIGN (0x8)

.eh_frame       memory region -> PMI_PSPR
                0x00000000c0004000        0x0
                0x00000000c0004000                PROVIDE (__eh_frame_start, .)
 *(.eh_frame)
 *(.eh_frame*)
                0x00000000c0004000                PROVIDE (__eh_frame_end, .)
                0x00000000c0004000                . = ALIGN (0x8)

.zdata          memory region -> DMI_DSPR
                0x00000000d0000000        0x0 load address 0x00000000c0004000
                0x00000000d0000000                PROVIDE (__zdata_start, .)
 *(.zdata)
 *(.zdata*)
 *(.zdata.rodata)
 *(.zdata.rodata*)
 *(.zrodata)
 *(.zrodata*)
 *(.gnu.linkonce.z.*)
 *(.gnu.linkonce.zr.*)
                0x00000000d0000000                PROVIDE (__zdata_end, .)
                0x00000000d0000000                . = ALIGN (0x8)

.zbss           memory region -> DMI_DSPR
                0x00000000d0000000        0x0 load address 0x00000000c0004000
                0x00000000d0000000                PROVIDE (__zbss_start, .)
 *(.zbss)
 *(.zbss*)
 *(.gnu.linkonce.zb.*)
                0x00000000d0000000                PROVIDE (__zbss_end, .)
                0x00000000d0000000                . = ALIGN (0x8)

.bbss           memory region -> DMI_DSPR
                0x00000000d0000000        0x0 load address 0x00000000c0004000
                0x00000000d0000000                PROVIDE (__bbss_start, .)
 *(.bbss)
 *(.bbss*)
                0x00000000d0000000                PROVIDE (__bbss_end, .)
                0x00000000d0000000                . = ALIGN (0x8)

.bdata          memory region -> DMI_DSPR
                0x00000000d0000000        0x0 load address 0x00000000c0004000
                0x00000000d0000000                PROVIDE (__bdata_start, .)
 *(.bdata)
 *(.bdata*)
                0x00000000d0000000                PROVIDE (__bdata_end, .)
                0x00000000d0000000                . = ALIGN (0x8)

.sdata2         memory region -> PMI_PSPR
                0x00000000c0004000        0x0
                0x00000000c0004000                PROVIDE (__sdata2_start, .)
 *(.sdata.rodata)
 *(.sdata.rodata*)
 *(.srodata)
 *(.srodata*)
 *(.gnu.linkonce.sr.*)
                0x00000000c0004000                PROVIDE (__sdata2_end, .)
                0x00000000c0004000                . = ALIGN (0x8)

.sdata          memory region -> DMI_DSPR
                0x00000000d0000000        0x0 load address 0x00000000c0004000
                0x00000000d0000000                PROVIDE (__sdata_start, .)
 *(.sdata)
 *(.sdata*)
 *(.gnu.linkonce.s.*)
                0x00000000d0000000                PROVIDE (__sdata_end, .)
                0x00000000d0000000                . = ALIGN (0x8)

.sbss           memory region -> DMI_DSPR
                0x00000000d0000000        0x0 load address 0x00000000c0004000
                0x00000000d0000000                PROVIDE (__sbss_start, .)
 *(.sbss)
 *(.sbss*)
 *(.gnu.linkonce.sb.*)
                0x00000000d0000000                PROVIDE (__sbss_end, .)
                0x00000000d0000000                . = ALIGN (0x8)

.rodata         memory region -> PMI_PSPR
                0x00000000c0004000       0x48
                0x00000000c0004000                PROVIDE (__rodata_start, .)
 *(.rodata)
 .rodata        0x00000000c0004000       0x18 src/hello.o
 .rodata        0x00000000c0004018       0x2d src/usr_sprintf.o
 *(.rodata*)
 *(.gnu.linkonce.r.*)
 *(.jcr.*)
                0x00000000c0004045                PROVIDE (__rodata_end, .)
                0x00000000c0004048                . = ALIGN (0x8)
 *fill*         0x00000000c0004045        0x3 00

.data           memory region -> DMI_DSPR
                0x00000000d0000000        0x0 load address 0x00000000c0004048
                0x00000000d0000000                PROVIDE (__data_start, .)
 *(.data)
 *(.data*)
 *(.gnu.linkonce.d.*)
                0x00000000d0000000                PROVIDE (__data_end, .)
                0x00000000d0000000                . = ALIGN (0x8)

.jcr            memory region -> PMI_PSPR
                0x00000000c0004048        0x0
 .jcr           0x00000000c0004048        0x0 c:/hightec/toolchains/tricore/v4.9.3.0-infineon-1.0/bin/../lib/gcc/tricore/4.9.4/tc161/short-double/crtbegin.o

.tm_clone_table memory region -> PMI_PSPR
                0x00000000c0004048        0x0
 .tm_clone_table
                0x00000000c0004048        0x0 c:/hightec/toolchains/tricore/v4.9.3.0-infineon-1.0/bin/../lib/gcc/tricore/4.9.4/tc161/short-double/crtbegin.o
 .tm_clone_table
                0x00000000c0004048        0x0 c:/hightec/toolchains/tricore/v4.9.3.0-infineon-1.0/bin/../lib/gcc/tricore/4.9.4/tc161/short-double/crtend.o

.bss            memory region -> DMI_DSPR
                0x00000000d0000000      0x148 load address 0x00000000c0004048
                0x00000000d0000000                PROVIDE (__bss_start, .)
 *(.bss)
 .bss           0x00000000d0000000        0x8 c:/hightec/toolchains/tricore/v4.9.3.0-infineon-1.0/bin/../lib/gcc/tricore/4.9.4/tc161/short-double/crtbegin.o
 .bss           0x00000000d0000008      0x130 src/cint_tc27x.o
                0x00000000d0000008                Cdisptab
                0x00000000d0000108                Tdisptab
 .bss           0x00000000d0000138        0x8 src/hello.o
 .bss           0x00000000d0000140        0x8 src/timer.o
 *(.bss*)
 *(.gnu.linkonce.b.*)
                0x00000000d0000148                PROVIDE (__bss_end, .)
                0x00000000d0000148                . = ALIGN (0x8)

.pcptext        memory region -> PMI_PSPR
                0x00000000c0004048        0x0
                0x00000000c0004048                PROVIDE (__pcptext_start, .)
                0x00000000c0004048                PROVIDE (__pcptext_end, .)
                0x00000000c0004048                . = ALIGN (0x8)

.pcpdata        memory region -> PMI_PSPR
                0x00000000c0004048        0x0
                0x00000000c0004048                PROVIDE (__pcpdata_start, .)
                0x00000000c0004048                PROVIDE (__pcpdata_end, .)
                0x00000000c0004048                . = ALIGN (0x8)

.ctors          memory region -> PMI_PSPR
                0x00000000c0004048       0x10
                0x00000000c0004048                __CTOR_LIST__ = .
                0x00000000c0004048        0x4 LONG 0x2 (((__CTOR_END__ - __CTOR_LIST__) / 0x4) - 0x2)
 *crtbegin.o(.ctors)
 .ctors         0x00000000c000404c        0x4 c:/hightec/toolchains/tricore/v4.9.3.0-infineon-1.0/bin/../lib/gcc/tricore/4.9.4/tc161/short-double/crtbegin.o
 *(EXCLUDE_FILE(*crtend.o) .ctors)
 *(SORT(.ctors.*))
 *(.ctors)
 .ctors         0x00000000c0004050        0x4 c:/hightec/toolchains/tricore/v4.9.3.0-infineon-1.0/bin/../lib/gcc/tricore/4.9.4/tc161/short-double/crtend.o
                0x00000000c0004054        0x4 LONG 0x0
                0x00000000c0004058                __CTOR_END__ = .
                0x00000000c0004058                . = ALIGN (0x8)

.dtors          memory region -> PMI_PSPR
                0x00000000c0004058       0x10
                0x00000000c0004058                __DTOR_LIST__ = .
                0x00000000c0004058        0x4 LONG 0x2 (((__DTOR_END__ - __DTOR_LIST__) / 0x4) - 0x2)
 *crtbegin.o(.dtors)
 .dtors         0x00000000c000405c        0x4 c:/hightec/toolchains/tricore/v4.9.3.0-infineon-1.0/bin/../lib/gcc/tricore/4.9.4/tc161/short-double/crtbegin.o
 *(EXCLUDE_FILE(*crtend.o) .dtors)
 *(SORT(.dtors.*))
 *(.dtors)
 .dtors         0x00000000c0004060        0x4 c:/hightec/toolchains/tricore/v4.9.3.0-infineon-1.0/bin/../lib/gcc/tricore/4.9.4/tc161/short-double/crtend.o
                0x00000000c0004064        0x4 LONG 0x0
                0x00000000c0004068                __DTOR_END__ = .
                0x00000000c0004068                . = ALIGN (0x8)

.clear_sec      memory region -> PMI_PSPR
                0x00000000c0004068       0x28
                0x00000000c0004068                . = ALIGN (0x8)
                0x00000000c0004068                PROVIDE (__clear_table, .)
                0x00000000c0004068        0x4 LONG 0xd0000000 (0x0 + ADDR (.bss))
                0x00000000c000406c        0x4 LONG 0x148 SIZEOF (.bss)
                0x00000000c0004070        0x4 LONG 0xd0000000 (0x0 + ADDR (.sbss))
                0x00000000c0004074        0x4 LONG 0x0 SIZEOF (.sbss)
                0x00000000c0004078        0x4 LONG 0xd0000000 (0x0 + ADDR (.zbss))
                0x00000000c000407c        0x4 LONG 0x0 SIZEOF (.zbss)
                0x00000000c0004080        0x4 LONG 0xd0000000 (0x0 + ADDR (.bbss))
                0x00000000c0004084        0x4 LONG 0x0 SIZEOF (.bbss)
                0x00000000c0004088        0x4 LONG 0xffffffffffffffff
                0x00000000c000408c        0x4 LONG 0xffffffffffffffff

.copy_sec       memory region -> PMI_PSPR
                0x00000000c0004090       0x3c
                0x00000000c0004090                . = ALIGN (0x8)
                0x00000000c0004090                PROVIDE (__copy_table, .)
                0x00000000c0004090        0x4 LONG 0xc0004048 LOADADDR (.data)
                0x00000000c0004094        0x4 LONG 0xd0000000 (0x0 + ADDR (.data))
                0x00000000c0004098        0x4 LONG 0x0 SIZEOF (.data)
                0x00000000c000409c        0x4 LONG 0xc0004000 LOADADDR (.sdata)
                0x00000000c00040a0        0x4 LONG 0xd0000000 (0x0 + ADDR (.sdata))
                0x00000000c00040a4        0x4 LONG 0x0 SIZEOF (.sdata)
                0x00000000c00040a8        0x4 LONG 0xc0004000 LOADADDR (.zdata)
                0x00000000c00040ac        0x4 LONG 0xd0000000 (0x0 + ADDR (.zdata))
                0x00000000c00040b0        0x4 LONG 0x0 SIZEOF (.zdata)
                0x00000000c00040b4        0x4 LONG 0xc0004000 LOADADDR (.bdata)
                0x00000000c00040b8        0x4 LONG 0xd0000000 (0x0 + ADDR (.bdata))
                0x00000000c00040bc        0x4 LONG 0x0 SIZEOF (.bdata)
                0x00000000c00040c0        0x4 LONG 0xffffffffffffffff
                0x00000000c00040c4        0x4 LONG 0xffffffffffffffff
                0x00000000c00040c8        0x4 LONG 0xffffffffffffffff

.ustack         memory region -> DMI_DSPR
                0x00000000d0000148     0x1000
                0x00000000d0000148                . = ALIGN (0x8)
                0x00000000d0000148                __USTACK_BEGIN = .
                0x00000000d0001148                . = (. + __USTACK_SIZE)
 *fill*         0x00000000d0000148     0x1000 00
                0x00000000d0001148                . = ALIGN (0x8)
                0x00000000d0001148                __USTACK = .
                0x00000000d0001148                __USTACK_END = .

.istack         memory region -> DMI_DSPR
                0x00000000d0001148      0x400
                0x00000000d0001148                . = ALIGN (0x8)
                0x00000000d0001148                __ISTACK_BEGIN = .
                0x00000000d0001548                . = (. + __ISTACK_SIZE)
 *fill*         0x00000000d0001148      0x400 00
                0x00000000d0001548                . = ALIGN (0x8)
                0x00000000d0001548                __ISTACK = .
                0x00000000d0001548                __ISTACK_END = .

.heap           memory region -> DMI_DSPR
                0x00000000d0001548     0x1000
                0x00000000d0001548                . = ALIGN (0x8)
                0x00000000d0001548                __HEAP_BEGIN = .
                0x00000000d0001548                __HEAP = .
                0x00000000d0002548                . = (. + __HEAP_SIZE)
 *fill*         0x00000000d0001548     0x1000 00
                0x00000000d0002548                . = ALIGN (0x8)
                0x00000000d0002548                __HEAP_END = .

.csa            memory region -> DMI_DSPR
                0x00000000d0002548     0x4038
                0x00000000d0002580                . = ALIGN (0x40)
 *fill*         0x00000000d0002548       0x38 00
                0x00000000d0002580                __CSA_BEGIN = .
                0x00000000d0002580                __CSA = .
                0x00000000d0006580                . = (. + __CSA_SIZE)
 *fill*         0x00000000d0002580     0x4000 00
                0x00000000d0006580                . = ALIGN (0x40)
                0x00000000d0006580                __CSA_END = .
OUTPUT(Aurix.elf elf32-tricore)

.version_info   memory region -> *default*
                0x0000000000000000     0xdb5a
 .version_info  0x0000000000000000     0x1977 c:/hightec/toolchains/tricore/v4.9.3.0-infineon-1.0/bin/../lib/gcc/tricore/4.9.4/tc161/short-double/crtbegin.o
 .version_info  0x0000000000001977      0xd53 src/cint_tc27x.o
 .version_info  0x00000000000026ca      0xd26 src/hello.o
 .version_info  0x00000000000033f0      0xd53 src/interrupts.o
 .version_info  0x0000000000004143      0xd65 src/system_tc27x.o
 .version_info  0x0000000000004ea8      0xd26 src/timer.o
 .version_info  0x0000000000005bce      0xd77 src/uart_init_poll.o
 .version_info  0x0000000000006945      0xd4a src/uart_poll.o
 .version_info  0x000000000000768f      0xd5c src/usr_sprintf.o
 .version_info  0x00000000000083eb     0x170a c:/hightec/toolchains/tricore/v4.9.3.0-infineon-1.0/bin/../lib/gcc/tricore/4.9.4/../../../../tricore/lib/tc161/short-double\libc.a(lib_a-strlen.o)
 .version_info  0x0000000000009af5     0x1378 c:/hightec/toolchains/tricore/v4.9.3.0-infineon-1.0/bin/../lib/gcc/tricore/4.9.4/../../../../tricore/lib/tc161/short-double\libos.a(wdtcon.o)
 .version_info  0x000000000000ae6d     0x1388 c:/hightec/toolchains/tricore/v4.9.3.0-infineon-1.0/bin/../lib/gcc/tricore/4.9.4/../../../../tricore/lib/tc161/short-double\libos.a(libos_exit.o)
 .version_info  0x000000000000c1f5     0x1965 c:/hightec/toolchains/tricore/v4.9.3.0-infineon-1.0/bin/../lib/gcc/tricore/4.9.4/tc161/short-double/crtend.o

.comment        memory region -> *default*
                0x0000000000000000       0x53
 .comment       0x0000000000000000       0x53 c:/hightec/toolchains/tricore/v4.9.3.0-infineon-1.0/bin/../lib/gcc/tricore/4.9.4/tc161/short-double/crtbegin.o
                                         0x54 (size before relaxing)
 .comment       0x0000000000000000       0x54 src/cint_tc27x.o
 .comment       0x0000000000000000       0x54 src/hello.o
 .comment       0x0000000000000000       0x54 src/interrupts.o
 .comment       0x0000000000000000       0x54 src/system_tc27x.o
 .comment       0x0000000000000000       0x54 src/timer.o
 .comment       0x0000000000000000       0x54 src/uart_init_poll.o
 .comment       0x0000000000000000       0x54 src/uart_poll.o
 .comment       0x0000000000000000       0x54 src/usr_sprintf.o
 .comment       0x0000000000000000       0x54 c:/hightec/toolchains/tricore/v4.9.3.0-infineon-1.0/bin/../lib/gcc/tricore/4.9.4/../../../../tricore/lib/tc161/short-double\libc.a(lib_a-strlen.o)
 .comment       0x0000000000000000       0x54 c:/hightec/toolchains/tricore/v4.9.3.0-infineon-1.0/bin/../lib/gcc/tricore/4.9.4/../../../../tricore/lib/tc161/short-double\libos.a(wdtcon.o)
 .comment       0x0000000000000000       0x54 c:/hightec/toolchains/tricore/v4.9.3.0-infineon-1.0/bin/../lib/gcc/tricore/4.9.4/../../../../tricore/lib/tc161/short-double\libos.a(libos_exit.o)
 .comment       0x0000000000000000       0x54 c:/hightec/toolchains/tricore/v4.9.3.0-infineon-1.0/bin/../lib/gcc/tricore/4.9.4/tc161/short-double/crtend.o

.debug_frame    memory region -> *default*
                0x0000000000000000      0x440
 .debug_frame   0x0000000000000000       0xd0 src/cint_tc27x.o
 .debug_frame   0x00000000000000d0       0x38 src/hello.o
 .debug_frame   0x0000000000000108       0x30 src/interrupts.o
 .debug_frame   0x0000000000000138      0x180 src/system_tc27x.o
 .debug_frame   0x00000000000002b8       0x40 src/timer.o
 .debug_frame   0x00000000000002f8       0x20 src/uart_init_poll.o
 .debug_frame   0x0000000000000318       0x48 src/uart_poll.o
 .debug_frame   0x0000000000000360       0x50 src/usr_sprintf.o
 .debug_frame   0x00000000000003b0       0x20 c:/hightec/toolchains/tricore/v4.9.3.0-infineon-1.0/bin/../lib/gcc/tricore/4.9.4/../../../../tricore/lib/tc161/short-double\libc.a(lib_a-strlen.o)
 .debug_frame   0x00000000000003d0       0x50 c:/hightec/toolchains/tricore/v4.9.3.0-infineon-1.0/bin/../lib/gcc/tricore/4.9.4/../../../../tricore/lib/tc161/short-double\libos.a(wdtcon.o)
 .debug_frame   0x0000000000000420       0x20 c:/hightec/toolchains/tricore/v4.9.3.0-infineon-1.0/bin/../lib/gcc/tricore/4.9.4/../../../../tricore/lib/tc161/short-double\libos.a(libos_exit.o)

.debug_info     memory region -> *default*
                0x0000000000000000    0x12f48
 .debug_info    0x0000000000000000      0x6a2 src/cint_tc27x.o
 .debug_info    0x00000000000006a2      0x396 src/hello.o
 .debug_info    0x0000000000000a38      0x422 src/interrupts.o
 .debug_info    0x0000000000000e5a     0x755d src/system_tc27x.o
 .debug_info    0x00000000000083b7     0x1455 src/timer.o
 .debug_info    0x000000000000980c     0x4412 src/uart_init_poll.o
 .debug_info    0x000000000000dc1e     0x4470 src/uart_poll.o
 .debug_info    0x000000000001208e      0x4e0 src/usr_sprintf.o
 .debug_info    0x000000000001256e      0x2db c:/hightec/toolchains/tricore/v4.9.3.0-infineon-1.0/bin/../lib/gcc/tricore/4.9.4/../../../../tricore/lib/tc161/short-double\libc.a(lib_a-strlen.o)
 .debug_info    0x0000000000012849      0x3b4 c:/hightec/toolchains/tricore/v4.9.3.0-infineon-1.0/bin/../lib/gcc/tricore/4.9.4/../../../../tricore/lib/tc161/short-double\libos.a(wdtcon.o)
 .debug_info    0x0000000000012bfd      0x2bf c:/hightec/toolchains/tricore/v4.9.3.0-infineon-1.0/bin/../lib/gcc/tricore/4.9.4/../../../../tricore/lib/tc161/short-double\libos.a(libos_exit.o)
 .debug_info    0x0000000000012ebc       0x8c c:/hightec/toolchains/tricore/v4.9.3.0-infineon-1.0/bin/../lib/gcc/tricore/4.9.4/tc161/short-double/crtn.o

.debug_abbrev   memory region -> *default*
                0x0000000000000000     0x1156
 .debug_abbrev  0x0000000000000000      0x222 src/cint_tc27x.o
 .debug_abbrev  0x0000000000000222      0x183 src/hello.o
 .debug_abbrev  0x00000000000003a5      0x1a7 src/interrupts.o
 .debug_abbrev  0x000000000000054c      0x38f src/system_tc27x.o
 .debug_abbrev  0x00000000000008db      0x1e1 src/timer.o
 .debug_abbrev  0x0000000000000abc      0x190 src/uart_init_poll.o
 .debug_abbrev  0x0000000000000c4c      0x204 src/uart_poll.o
 .debug_abbrev  0x0000000000000e50      0x11b src/usr_sprintf.o
 .debug_abbrev  0x0000000000000f6b       0x76 c:/hightec/toolchains/tricore/v4.9.3.0-infineon-1.0/bin/../lib/gcc/tricore/4.9.4/../../../../tricore/lib/tc161/short-double\libc.a(lib_a-strlen.o)
 .debug_abbrev  0x0000000000000fe1       0xff c:/hightec/toolchains/tricore/v4.9.3.0-infineon-1.0/bin/../lib/gcc/tricore/4.9.4/../../../../tricore/lib/tc161/short-double\libos.a(wdtcon.o)
 .debug_abbrev  0x00000000000010e0       0x64 c:/hightec/toolchains/tricore/v4.9.3.0-infineon-1.0/bin/../lib/gcc/tricore/4.9.4/../../../../tricore/lib/tc161/short-double\libos.a(libos_exit.o)
 .debug_abbrev  0x0000000000001144       0x12 c:/hightec/toolchains/tricore/v4.9.3.0-infineon-1.0/bin/../lib/gcc/tricore/4.9.4/tc161/short-double/crtn.o

.debug_loc      memory region -> *default*
                0x0000000000000000     0x11b6
 .debug_loc     0x0000000000000000      0x129 src/cint_tc27x.o
 .debug_loc     0x0000000000000129       0x67 src/hello.o
 .debug_loc     0x0000000000000190       0x9a src/interrupts.o
 .debug_loc     0x000000000000022a      0x4ac src/system_tc27x.o
 .debug_loc     0x00000000000006d6       0x4d src/timer.o
 .debug_loc     0x0000000000000723       0x61 src/uart_init_poll.o
 .debug_loc     0x0000000000000784       0x59 src/uart_poll.o
 .debug_loc     0x00000000000007dd      0x8be src/usr_sprintf.o
 .debug_loc     0x000000000000109b       0x47 c:/hightec/toolchains/tricore/v4.9.3.0-infineon-1.0/bin/../lib/gcc/tricore/4.9.4/../../../../tricore/lib/tc161/short-double\libc.a(lib_a-strlen.o)
 .debug_loc     0x00000000000010e2       0xd4 c:/hightec/toolchains/tricore/v4.9.3.0-infineon-1.0/bin/../lib/gcc/tricore/4.9.4/../../../../tricore/lib/tc161/short-double\libos.a(wdtcon.o)

.debug_aranges  memory region -> *default*
                0x0000000000000000      0x1a0
 .debug_aranges
                0x0000000000000000       0x20 src/cint_tc27x.o
 .debug_aranges
                0x0000000000000020       0x20 src/hello.o
 .debug_aranges
                0x0000000000000040       0x20 src/interrupts.o
 .debug_aranges
                0x0000000000000060       0x20 src/system_tc27x.o
 .debug_aranges
                0x0000000000000080       0x20 src/timer.o
 .debug_aranges
                0x00000000000000a0       0x20 src/uart_init_poll.o
 .debug_aranges
                0x00000000000000c0       0x20 src/uart_poll.o
 .debug_aranges
                0x00000000000000e0       0x20 src/usr_sprintf.o
 .debug_aranges
                0x0000000000000100       0x20 c:/hightec/toolchains/tricore/v4.9.3.0-infineon-1.0/bin/../lib/gcc/tricore/4.9.4/../../../../tricore/lib/tc161/short-double\libc.a(lib_a-strlen.o)
 .debug_aranges
                0x0000000000000120       0x38 c:/hightec/toolchains/tricore/v4.9.3.0-infineon-1.0/bin/../lib/gcc/tricore/4.9.4/../../../../tricore/lib/tc161/short-double\libos.a(wdtcon.o)
 .debug_aranges
                0x0000000000000158       0x20 c:/hightec/toolchains/tricore/v4.9.3.0-infineon-1.0/bin/../lib/gcc/tricore/4.9.4/../../../../tricore/lib/tc161/short-double\libos.a(libos_exit.o)
 .debug_aranges
                0x0000000000000178       0x28 c:/hightec/toolchains/tricore/v4.9.3.0-infineon-1.0/bin/../lib/gcc/tricore/4.9.4/tc161/short-double/crtn.o

.debug_macro    memory region -> *default*
                0x0000000000000000    0x44cb8
 .debug_macro   0x0000000000000000      0x2f2 src/cint_tc27x.o
 .debug_macro   0x00000000000002f2     0x1b12 src/cint_tc27x.o
 .debug_macro   0x0000000000001e04      0x3fc src/cint_tc27x.o
 .debug_macro   0x0000000000002200       0x2f src/cint_tc27x.o
 .debug_macro   0x000000000000222f       0xbe src/cint_tc27x.o
 .debug_macro   0x00000000000022ed       0xe9 src/cint_tc27x.o
 .debug_macro   0x00000000000023d6     0xadf7 src/cint_tc27x.o
 .debug_macro   0x000000000000d1cd     0x4e91 src/cint_tc27x.o
 .debug_macro   0x000000000001205e      0x170 src/hello.o
 .debug_macro   0x00000000000121ce      0xe8b src/hello.o
 .debug_macro   0x0000000000013059      0x14b src/hello.o
 .debug_macro   0x00000000000131a4     0x3f85 src/hello.o
 .debug_macro   0x0000000000017129     0x59c5 src/hello.o
 .debug_macro   0x000000000001caee       0x4f src/hello.o
 .debug_macro   0x000000000001cb3d      0x14f src/hello.o
 .debug_macro   0x000000000001cc8c       0xb8 src/interrupts.o
 .debug_macro   0x000000000001cd44     0xafb7 src/interrupts.o
 .debug_macro   0x0000000000027cfb     0x28bb src/interrupts.o
 .debug_macro   0x000000000002a5b6      0x266 src/system_tc27x.o
 .debug_macro   0x000000000002a81c     0x19cf src/system_tc27x.o
 .debug_macro   0x000000000002c1eb     0xd864 src/system_tc27x.o
 .debug_macro   0x0000000000039a4f     0x1b36 src/system_tc27x.o
 .debug_macro   0x000000000003b585      0x13c src/timer.o
 .debug_macro   0x000000000003b6c1      0x165 src/uart_init_poll.o
 .debug_macro   0x000000000003b826     0x1cdc src/uart_init_poll.o
 .debug_macro   0x000000000003d502     0x5329 src/uart_init_poll.o
 .debug_macro   0x000000000004282b      0x5d6 src/uart_init_poll.o
 .debug_macro   0x0000000000042e01      0x16a src/uart_poll.o
 .debug_macro   0x0000000000042f6b      0x19c src/usr_sprintf.o
 .debug_macro   0x0000000000043107       0xa8 src/usr_sprintf.o
 .debug_macro   0x00000000000431af       0x31 src/usr_sprintf.o
 .debug_macro   0x00000000000431e0       0x79 src/usr_sprintf.o
 .debug_macro   0x0000000000043259      0x271 src/usr_sprintf.o
 .debug_macro   0x00000000000434ca       0xd5 src/usr_sprintf.o
 .debug_macro   0x000000000004359f      0x22a src/usr_sprintf.o
 .debug_macro   0x00000000000437c9       0x30 src/usr_sprintf.o
 .debug_macro   0x00000000000437f9     0x1322 src/usr_sprintf.o
 .debug_macro   0x0000000000044b1b      0x138 src/usr_sprintf.o
 .debug_macro   0x0000000000044c53       0x65 src/usr_sprintf.o

.debug_line     memory region -> *default*
                0x0000000000000000     0x15d2
 .debug_line    0x0000000000000000      0x208 src/cint_tc27x.o
 .debug_line    0x0000000000000208      0x270 src/hello.o
 .debug_line    0x0000000000000478      0x1fc src/interrupts.o
 .debug_line    0x0000000000000674      0x38b src/system_tc27x.o
 .debug_line    0x00000000000009ff      0x222 src/timer.o
 .debug_line    0x0000000000000c21      0x22f src/uart_init_poll.o
 .debug_line    0x0000000000000e50      0x216 src/uart_poll.o
 .debug_line    0x0000000000001066      0x2c6 src/usr_sprintf.o
 .debug_line    0x000000000000132c      0x127 c:/hightec/toolchains/tricore/v4.9.3.0-infineon-1.0/bin/../lib/gcc/tricore/4.9.4/../../../../tricore/lib/tc161/short-double\libc.a(lib_a-strlen.o)
 .debug_line    0x0000000000001453       0xc3 c:/hightec/toolchains/tricore/v4.9.3.0-infineon-1.0/bin/../lib/gcc/tricore/4.9.4/../../../../tricore/lib/tc161/short-double\libos.a(wdtcon.o)
 .debug_line    0x0000000000001516       0x77 c:/hightec/toolchains/tricore/v4.9.3.0-infineon-1.0/bin/../lib/gcc/tricore/4.9.4/../../../../tricore/lib/tc161/short-double\libos.a(libos_exit.o)
 .debug_line    0x000000000000158d       0x45 c:/hightec/toolchains/tricore/v4.9.3.0-infineon-1.0/bin/../lib/gcc/tricore/4.9.4/tc161/short-double/crtn.o

.debug_str      memory region -> *default*
                0x0000000000000000      0x3bf
 .debug_str     0x0000000000000000        0x0 src/cint_tc27x.o
 .debug_str     0x0000000000000000        0x0 src/hello.o
 .debug_str     0x0000000000000000        0x0 src/interrupts.o
 .debug_str     0x0000000000000000      0x1d1 src/system_tc27x.o
 .debug_str     0x00000000000001d1       0x45 src/timer.o
 .debug_str     0x0000000000000216       0xcd src/uart_init_poll.o
 .debug_str     0x00000000000002e3       0xcd src/uart_poll.o
 .debug_str     0x00000000000003b0        0x0 src/usr_sprintf.o
 .debug_str     0x00000000000003b0        0x0 c:/hightec/toolchains/tricore/v4.9.3.0-infineon-1.0/bin/../lib/gcc/tricore/4.9.4/../../../../tricore/lib/tc161/short-double\libc.a(lib_a-strlen.o)
 .debug_str     0x00000000000003b0        0xf c:/hightec/toolchains/tricore/v4.9.3.0-infineon-1.0/bin/../lib/gcc/tricore/4.9.4/../../../../tricore/lib/tc161/short-double\libos.a(wdtcon.o)
 .debug_str     0x00000000000003bf        0x0 c:/hightec/toolchains/tricore/v4.9.3.0-infineon-1.0/bin/../lib/gcc/tricore/4.9.4/../../../../tricore/lib/tc161/short-double\libos.a(libos_exit.o)

.debug_ranges   memory region -> *default*
                0x0000000000000000       0xa8
 .debug_ranges  0x0000000000000000       0x28 src/hello.o
 .debug_ranges  0x0000000000000028       0x18 src/system_tc27x.o
 .debug_ranges  0x0000000000000040       0x10 c:/hightec/toolchains/tricore/v4.9.3.0-infineon-1.0/bin/../lib/gcc/tricore/4.9.4/../../../../tricore/lib/tc161/short-double\libc.a(lib_a-strlen.o)
 .debug_ranges  0x0000000000000050       0x28 c:/hightec/toolchains/tricore/v4.9.3.0-infineon-1.0/bin/../lib/gcc/tricore/4.9.4/../../../../tricore/lib/tc161/short-double\libos.a(wdtcon.o)
 .debug_ranges  0x0000000000000078       0x10 c:/hightec/toolchains/tricore/v4.9.3.0-infineon-1.0/bin/../lib/gcc/tricore/4.9.4/../../../../tricore/lib/tc161/short-double\libos.a(libos_exit.o)
 .debug_ranges  0x0000000000000088       0x20 c:/hightec/toolchains/tricore/v4.9.3.0-infineon-1.0/bin/../lib/gcc/tricore/4.9.4/tc161/short-double/crtn.o

Cross Reference Table

Symbol                                            File
Cdisptab                                          src/cint_tc27x.o
InterruptInit                                     src/interrupts.o
                                                  src/system_tc27x.o
InterruptInstall                                  src/interrupts.o
                                                  src/timer.o
SYSTEM_DbgBreak                                   src/system_tc27x.o
SYSTEM_DisableInterrupts                          src/system_tc27x.o
SYSTEM_DisableProtection                          src/system_tc27x.o
SYSTEM_DisableProtectionExt                       src/system_tc27x.o
SYSTEM_DisableSecProtection                       src/system_tc27x.o
SYSTEM_EnaDisCache                                src/system_tc27x.o
SYSTEM_EnableInterrupts                           src/system_tc27x.o
SYSTEM_EnableProtection                           src/system_tc27x.o
SYSTEM_EnableProtectionExt                        src/system_tc27x.o
SYSTEM_EnableSecProtection                        src/system_tc27x.o
SYSTEM_GetCanClock                                src/system_tc27x.o
SYSTEM_GetCpuClock                                src/system_tc27x.o
SYSTEM_GetExtClock                                src/system_tc27x.o
SYSTEM_GetStmClock                                src/system_tc27x.o
                                                  src/timer.o
SYSTEM_GetSysClock                                src/system_tc27x.o
SYSTEM_Idle                                       src/system_tc27x.o
SYSTEM_IdleExt                                    src/system_tc27x.o
SYSTEM_Init                                       src/system_tc27x.o
                                                  src/hello.o
SYSTEM_IsCacheEnabled                             src/system_tc27x.o
SYSTEM_Reset                                      src/system_tc27x.o
SYSTEM_Sleep                                      src/system_tc27x.o
Tdisptab                                          src/cint_tc27x.o
TimerInit                                         src/timer.o
                                                  src/hello.o
TimerSetHandler                                   src/timer.o
                                                  src/hello.o
TriCore_int_table                                 src/cint_tc27x.o
TriCore_trap_table                                src/cint_tc27x.o
_ITM_deregisterTMCloneTable                       c:/hightec/toolchains/tricore/v4.9.3.0-infineon-1.0/bin/../lib/gcc/tricore/4.9.4/tc161/short-double/crtbegin.o
_ITM_registerTMCloneTable                         c:/hightec/toolchains/tricore/v4.9.3.0-infineon-1.0/bin/../lib/gcc/tricore/4.9.4/tc161/short-double/crtbegin.o
_Jv_RegisterClasses                               c:/hightec/toolchains/tricore/v4.9.3.0-infineon-1.0/bin/../lib/gcc/tricore/4.9.4/tc161/short-double/crtbegin.o
_SMALL_DATA2_                                     c:/hightec/toolchains/tricore/v4.9.3.0-infineon-1.0/bin/../lib/gcc/tricore/4.9.4/crt0-tc27xx.o
_SMALL_DATA3_                                     c:/hightec/toolchains/tricore/v4.9.3.0-infineon-1.0/bin/../lib/gcc/tricore/4.9.4/crt0-tc27xx.o
_SMALL_DATA4_                                     c:/hightec/toolchains/tricore/v4.9.3.0-infineon-1.0/bin/../lib/gcc/tricore/4.9.4/crt0-tc27xx.o
_SMALL_DATA_                                      c:/hightec/toolchains/tricore/v4.9.3.0-infineon-1.0/bin/../lib/gcc/tricore/4.9.4/crt0-tc27xx.o
__CSA_BEGIN                                       c:/hightec/toolchains/tricore/v4.9.3.0-infineon-1.0/bin/../lib/gcc/tricore/4.9.4/crt0-tc27xx.o
__CSA_END                                         c:/hightec/toolchains/tricore/v4.9.3.0-infineon-1.0/bin/../lib/gcc/tricore/4.9.4/crt0-tc27xx.o
__DTOR_END__                                      c:/hightec/toolchains/tricore/v4.9.3.0-infineon-1.0/bin/../lib/gcc/tricore/4.9.4/tc161/short-double/crtend.o
                                                  c:/hightec/toolchains/tricore/v4.9.3.0-infineon-1.0/bin/../lib/gcc/tricore/4.9.4/tc161/short-double/crtbegin.o
__ISTACK                                          c:/hightec/toolchains/tricore/v4.9.3.0-infineon-1.0/bin/../lib/gcc/tricore/4.9.4/crt0-tc27xx.o
__TMC_END__                                       c:/hightec/toolchains/tricore/v4.9.3.0-infineon-1.0/bin/../lib/gcc/tricore/4.9.4/tc161/short-double/crtend.o
                                                  c:/hightec/toolchains/tricore/v4.9.3.0-infineon-1.0/bin/../lib/gcc/tricore/4.9.4/tc161/short-double/crtbegin.o
__TRICORE_DERIVATE_NAME__                         c:/hightec/toolchains/tricore/v4.9.3.0-infineon-1.0/bin/../lib/gcc/tricore/4.9.4/crt0-tc27xx.o
__USTACK                                          c:/hightec/toolchains/tricore/v4.9.3.0-infineon-1.0/bin/../lib/gcc/tricore/4.9.4/crt0-tc27xx.o
__clear_table                                     c:/hightec/toolchains/tricore/v4.9.3.0-infineon-1.0/bin/../lib/gcc/tricore/4.9.4/crt0-tc27xx.o
__clear_table_func                                c:/hightec/toolchains/tricore/v4.9.3.0-infineon-1.0/bin/../lib/gcc/tricore/4.9.4/crt0-tc27xx.o
__copy_table                                      c:/hightec/toolchains/tricore/v4.9.3.0-infineon-1.0/bin/../lib/gcc/tricore/4.9.4/crt0-tc27xx.o
__copy_table_func                                 c:/hightec/toolchains/tricore/v4.9.3.0-infineon-1.0/bin/../lib/gcc/tricore/4.9.4/crt0-tc27xx.o
__dso_handle                                      c:/hightec/toolchains/tricore/v4.9.3.0-infineon-1.0/bin/../lib/gcc/tricore/4.9.4/tc161/short-double/crtbegin.o
__init_csa                                        c:/hightec/toolchains/tricore/v4.9.3.0-infineon-1.0/bin/../lib/gcc/tricore/4.9.4/crt0-tc27xx.o
__int_handler                                     src/cint_tc27x.o
__interrupt_1                                     src/cint_tc27x.o
__interrupt_10                                    src/cint_tc27x.o
__interrupt_11                                    src/cint_tc27x.o
__interrupt_12                                    src/cint_tc27x.o
__interrupt_13                                    src/cint_tc27x.o
__interrupt_14                                    src/cint_tc27x.o
__interrupt_15                                    src/cint_tc27x.o
__interrupt_16                                    src/cint_tc27x.o
__interrupt_17                                    src/cint_tc27x.o
__interrupt_18                                    src/cint_tc27x.o
__interrupt_19                                    src/cint_tc27x.o
__interrupt_2                                     src/cint_tc27x.o
__interrupt_20                                    src/cint_tc27x.o
__interrupt_21                                    src/cint_tc27x.o
__interrupt_22                                    src/cint_tc27x.o
__interrupt_23                                    src/cint_tc27x.o
__interrupt_24                                    src/cint_tc27x.o
__interrupt_25                                    src/cint_tc27x.o
__interrupt_26                                    src/cint_tc27x.o
__interrupt_27                                    src/cint_tc27x.o
__interrupt_28                                    src/cint_tc27x.o
__interrupt_29                                    src/cint_tc27x.o
__interrupt_3                                     src/cint_tc27x.o
__interrupt_30                                    src/cint_tc27x.o
__interrupt_31                                    src/cint_tc27x.o
__interrupt_4                                     src/cint_tc27x.o
__interrupt_5                                     src/cint_tc27x.o
__interrupt_6                                     src/cint_tc27x.o
__interrupt_7                                     src/cint_tc27x.o
__interrupt_8                                     src/cint_tc27x.o
__interrupt_9                                     src/cint_tc27x.o
__progname                                        c:/hightec/toolchains/tricore/v4.9.3.0-infineon-1.0/bin/../lib/gcc/tricore/4.9.4/../../../../tricore/lib/tc161/short-double\libos.a(libos_exit.o)
__trap_0                                          src/cint_tc27x.o
__trap_1                                          src/cint_tc27x.o
__trap_2                                          src/cint_tc27x.o
__trap_3                                          src/cint_tc27x.o
__trap_4                                          src/cint_tc27x.o
__trap_5                                          src/cint_tc27x.o
__trap_6                                          src/cint_tc27x.o
__trap_7                                          src/cint_tc27x.o
_exit                                             c:/hightec/toolchains/tricore/v4.9.3.0-infineon-1.0/bin/../lib/gcc/tricore/4.9.4/../../../../tricore/lib/tc161/short-double\libos.a(libos_exit.o)
                                                  c:/hightec/toolchains/tricore/v4.9.3.0-infineon-1.0/bin/../lib/gcc/tricore/4.9.4/crt0-tc27xx.o
_fini                                             c:/hightec/toolchains/tricore/v4.9.3.0-infineon-1.0/bin/../lib/gcc/tricore/4.9.4/tc161/short-double/crti.o
_in_uart                                          src/uart_poll.o
_init                                             c:/hightec/toolchains/tricore/v4.9.3.0-infineon-1.0/bin/../lib/gcc/tricore/4.9.4/tc161/short-double/crti.o
                                                  c:/hightec/toolchains/tricore/v4.9.3.0-infineon-1.0/bin/../lib/gcc/tricore/4.9.4/crt0-tc27xx.o
_init_uart                                        src/uart_init_poll.o
                                                  src/hello.o
_init_vectab                                      src/cint_tc27x.o
                                                  src/interrupts.o
_install_int_handler                              src/cint_tc27x.o
                                                  src/interrupts.o
_install_trap_handler                             src/cint_tc27x.o
_out_uart                                         src/uart_poll.o
                                                  src/hello.o
_poll_uart                                        src/uart_poll.o
_start                                            c:/hightec/toolchains/tricore/v4.9.3.0-infineon-1.0/bin/../lib/gcc/tricore/4.9.4/crt0-tc27xx.o
first_trap_table                                  c:/hightec/toolchains/tricore/v4.9.3.0-infineon-1.0/bin/../lib/gcc/tricore/4.9.4/crt0-tc27xx.o
lock_safety_wdtcon                                c:/hightec/toolchains/tricore/v4.9.3.0-infineon-1.0/bin/../lib/gcc/tricore/4.9.4/../../../../tricore/lib/tc161/short-double\libos.a(wdtcon.o)
                                                  src/system_tc27x.o
lock_wdtcon                                       c:/hightec/toolchains/tricore/v4.9.3.0-infineon-1.0/bin/../lib/gcc/tricore/4.9.4/../../../../tricore/lib/tc161/short-double\libos.a(wdtcon.o)
                                                  src/uart_init_poll.o
                                                  src/system_tc27x.o
                                                  src/cint_tc27x.o
main                                              src/hello.o
                                                  c:/hightec/toolchains/tricore/v4.9.3.0-infineon-1.0/bin/../lib/gcc/tricore/4.9.4/crt0-tc27xx.o
strlen                                            c:/hightec/toolchains/tricore/v4.9.3.0-infineon-1.0/bin/../lib/gcc/tricore/4.9.4/../../../../tricore/lib/tc161/short-double\libc.a(lib_a-strlen.o)
                                                  src/usr_sprintf.o
unlock_safety_wdtcon                              c:/hightec/toolchains/tricore/v4.9.3.0-infineon-1.0/bin/../lib/gcc/tricore/4.9.4/../../../../tricore/lib/tc161/short-double\libos.a(wdtcon.o)
                                                  src/system_tc27x.o
unlock_wdtcon                                     c:/hightec/toolchains/tricore/v4.9.3.0-infineon-1.0/bin/../lib/gcc/tricore/4.9.4/../../../../tricore/lib/tc161/short-double\libos.a(wdtcon.o)
                                                  src/uart_init_poll.o
                                                  src/system_tc27x.o
                                                  src/cint_tc27x.o
usr_sprintf                                       src/usr_sprintf.o
                                                  src/hello.o
usr_vsprintf                                      src/usr_sprintf.o
